
Found 1 output files:
  - output_SORTSTAR_Bottle_Unscrambler_Model_SortStar_XL_GOA.docx

Analyzing output_SORTSTAR_Bottle_Unscrambler_Model_SortStar_XL_GOA.docx:

Filled Values from App Output:

Correlation with Selected Items:
Extracting placeholders from: templates\GOA_Sortstar_Temp.docx
Found 73 unique placeholders.

Unfilled Fields:
  - amps
  - bs_1229_check
  - bs_1230_check
  - bs_1264_check
  - bs_1265_check
  - bs_984_check
  - bs_985_check
  - ce_csa_check
  - ce_expl_check
  - ce_none_check
  - cfm
  - conformity_csa_check
  - country
  - cpp_1axis_check
  - cpp_2axis_check
  - cpp_3axis_check
  - cps_ep_check
  - cps_none_check
  - customer
  - direction
  - eg_none_check
  - eg_pmtg_check
  - eg_pnl_check
  - eg_rc_check
  - eg_rcnone_check
  - eg_stkw_check
  - eg_stm_check
  - eg_sto_check
  - el_0369_check
  - hmi_allenb_check
  - hmi_b&r_check
  - hmi_pc_check
  - hmi_size10_check
  - hmi_size15_check
  - hmi_size5.7_check
  - hz
  - machine
  - op_2409_check
  - op_ias_check
  - op_nrck_check
  - option_listing
  - phases
  - plc_b&r_check
  - plc_compactl_check
  - plc_controll_check
  - production_speed
  - psi
  - pt_pbc_check
  - pt_pbcu_check
  - pt_ptc_check
  - pt_pts_check
  - pt_ptsw_check
  - pt_tcc_check
  - pt_tccu_check
  - quote
  - rts_co_check
  - rts_none_check
  - rts_secomea_check
  - rts_y_check
  - sk_1yr_check
  - sk_2yr_check
  - sk_none_check
  - stpc_none_check
  - stpc_yes
  - vd_d_check
  - vd_f_check
  - vd_fd_check
  - vd_h_check
  - vd_i_check
  - vd_s_check
  - voltage
  - wi_war1_check
  - wi_war2_check

================================================================================
Extracting JSON schema from template: templates\GOA_Sortstar_Temp.docx
Extracting placeholders from: templates\GOA_Sortstar_Temp.docx
Found 73 unique placeholders.
Generated schema for 75 placeholders.
Extracted 75 schema/context fields from template.
  - customer: {'type': 'string', 'section': 'GENERAL ORDER ACKNOWLEDGEMENT', 'subsection': 'Customer', 'description': 'GENERAL ORDER ACKNOWLEDGEMENT > Customer', 'location': 'unknown'}
  - machine: {'type': 'string', 'section': 'GENERAL ORDER ACKNOWLEDGEMENT', 'subsection': 'Machine', 'description': 'GENERAL ORDER ACKNOWLEDGEMENT > Machine', 'location': 'unknown'}
  - direction: {'type': 'string', 'section': 'GENERAL ORDER ACKNOWLEDGEMENT', 'subsection': 'Direction', 'description': 'GENERAL ORDER ACKNOWLEDGEMENT > Direction', 'location': 'unknown'}
  - quote: {'type': 'string', 'section': 'Order Identification', 'subsection': 'Quote', 'description': 'Order Identification > Quote', 'location': 'unknown'}
  - production_speed: {'type': 'string', 'section': 'Order Identification', 'subsection': 'Production speed', 'description': 'Order Identification > Production speed', 'location': 'unknown'}
  - voltage: {'type': 'string', 'section': 'Utility Specifications', 'subsection': 'Voltage', 'description': 'Utility Specifications > Voltage', 'location': 'unknown'}
  - phases: {'type': 'string', 'section': 'Utility Specifications', 'subsection': 'Phases', 'description': 'Utility Specifications > Phases', 'location': 'unknown'}
  - hz: {'type': 'string', 'section': 'Utility Specifications', 'subsection': 'Hz', 'description': 'Utility Specifications > Hz', 'location': 'unknown'}
  - amps: {'type': 'string', 'section': 'Utility Specifications', 'subsection': 'AMPS', 'description': 'Utility Specifications > AMPS', 'location': 'unknown'}
  - psi: {'type': 'string', 'section': 'Utility Specifications', 'subsection': 'PSI', 'description': 'Utility Specifications > PSI', 'location': 'unknown'}
Initializing Gemini with model: gemini-1.5-flash-latest
Gemini client configured successfully with model: gemini-1.5-flash-latest
IMPORTANT: If you're being billed for Gemini 2.5 Pro, check your Google Cloud billing
           and make sure no other applications are using your API key.
Extracting JSON schema from template: templates\GOA_Sortstar_Temp.docx
Extracting placeholders from: templates\GOA_Sortstar_Temp.docx
Found 73 unique placeholders.
Generated schema for 75 placeholders.
Sending machine-specific prompt to Gemini API...
Applying post-processing rules to LLM output...
LLM filled 5 fields. Unfilled: 70.
Unfilled fields:
  - customer: GENERAL ORDER ACKNOWLEDGEMENT > Customer
  - direction: GENERAL ORDER ACKNOWLEDGEMENT > Direction
  - quote: Order Identification > Quote
  - production_speed: Order Identification > Production speed
  - voltage: Utility Specifications > Voltage
  - phases: Utility Specifications > Phases
  - hz: Utility Specifications > Hz
  - amps: Utility Specifications > AMPS
  - psi: Utility Specifications > PSI
  - cfm: Utility Specifications > CFM
Extracting placeholders from: templates\GOA_Sortstar_Temp.docx
Found 73 unique placeholders.
Extracted 73 placeholders from template.
Extracting JSON schema from template: templates\GOA_Sortstar_Temp.docx
Extracting placeholders from: templates\GOA_Sortstar_Temp.docx
Found 73 unique placeholders.
Generated schema for 75 placeholders.
Filled 0 placeholders. Unfilled: 75.
Unfilled placeholders:
  - customer: {'type': 'string', 'section': 'GENERAL ORDER ACKNOWLEDGEMENT', 'subsection': 'Customer', 'description': 'GENERAL ORDER ACKNOWLEDGEMENT > Customer', 'location': 'unknown'}
    Closest item: Bottle Unscrambler Model SortStar XL
  - machine: {'type': 'string', 'section': 'GENERAL ORDER ACKNOWLEDGEMENT', 'subsection': 'Machine', 'description': 'GENERAL ORDER ACKNOWLEDGEMENT > Machine', 'location': 'unknown'}
    Closest item: Quick Change Parts for 3 Additional Bottles
  - direction: {'type': 'string', 'section': 'GENERAL ORDER ACKNOWLEDGEMENT', 'subsection': 'Direction', 'description': 'GENERAL ORDER ACKNOWLEDGEMENT > Direction', 'location': 'unknown'}
    Closest item: Quick Change Parts for 3 Additional Bottles
  - quote: {'type': 'string', 'section': 'Order Identification', 'subsection': 'Quote', 'description': 'Order Identification > Quote', 'location': 'unknown'}
    Closest item: Quick Change Parts for 3 Additional Bottles
  - production_speed: {'type': 'string', 'section': 'Order Identification', 'subsection': 'Production speed', 'description': 'Order Identification > Production speed', 'location': 'unknown'}
    Closest item: Quick Change Parts for 3 Additional Bottles
  - voltage: {'type': 'string', 'section': 'Utility Specifications', 'subsection': 'Voltage', 'description': 'Utility Specifications > Voltage', 'location': 'unknown'}
    Closest item: Elevator with Cleated Belt
  - phases: {'type': 'string', 'section': 'Utility Specifications', 'subsection': 'Phases', 'description': 'Utility Specifications > Phases', 'location': 'unknown'}
    Closest item: Quick Change Parts for 3 Additional Bottles
  - hz: {'type': 'string', 'section': 'Utility Specifications', 'subsection': 'Hz', 'description': 'Utility Specifications > Hz', 'location': 'unknown'}
    Closest item: Over Size Hopper (45ft│)
  - amps: {'type': 'string', 'section': 'Utility Specifications', 'subsection': 'AMPS', 'description': 'Utility Specifications > AMPS', 'location': 'unknown'}
    Closest item: Bottle Unscrambler Model SortStar XL
  - psi: {'type': 'string', 'section': 'Utility Specifications', 'subsection': 'PSI', 'description': 'Utility Specifications > PSI', 'location': 'unknown'}
    Closest item: Over Size Hopper (45ft│)
